// Jest Snapshot v1, https://goo.gl/fbAQLP

exports[`Language Change component tests Snapshot test 1`] = `
<div
  className="language-change"
>
  <div
    className="language-change-current-box"
  >
    <span
      className="language-change-current"
      onClick={[Function]}
    >
      EN
       
      <FontAwesomeIcon
        border={false}
        className="language-change-current-icon"
        fixedWidth={false}
        flip={null}
        icon={
          Object {
            "icon": Array [
              320,
              512,
              Array [],
              "f0dd",
              "M41 288h238c21.4 0 32.1 25.9 17 41L177 448c-9.4 9.4-24.6 9.4-33.9 0L24 329c-15.1-15.1-4.4-41 17-41z",
            ],
            "iconName": "sort-down",
            "prefix": "fas",
          }
        }
        inverse={false}
        listItem={false}
        mask={null}
        pull={null}
        pulse={false}
        rotation={null}
        size={null}
        spin={false}
        swapOpacity={false}
        symbol={false}
        title=""
        transform={null}
      />
    </span>
  </div>
</div>
`;
