// Jest Snapshot v1, https://goo.gl/fbAQLP

exports[`Comprasion component test Snapshot test 1`] = `
<div
  className="comprasion-labels"
>
  <div
    className="comprasion-labels-rocket-name"
  >
    <div
      className="comprasion-labels-label-box"
    >
      <Translate
        className="comprasion-labels-label"
        component="span"
        content="rocketName"
      />
    </div>
  </div>
  <div
    className="comprasion-labels-details"
  >
    <div
      className="comprasion-labels-label-box"
    >
      <Translate
        className="comprasion-labels-label"
        component="span"
        content="firstFlight"
      />
    </div>
    <div
      className="comprasion-labels-label-box"
    >
      <Translate
        className="comprasion-labels-label"
        component="span"
        content="country"
      />
    </div>
    <div
      className="comprasion-labels-label-box"
    >
      <Translate
        className="comprasion-labels-label"
        component="span"
        content="successRate"
      />
    </div>
    <div
      className="comprasion-labels-label-box"
    >
      <Translate
        className="comprasion-labels-label"
        component="span"
        content="costs"
      />
    </div>
    <div
      className="comprasion-labels-label-box"
    >
      <Translate
        className="comprasion-labels-label"
        component="span"
        content="engines"
      />
    </div>
    <div
      className="comprasion-labels-label-box"
    >
      <Translate
        className="comprasion-labels-label"
        component="span"
        content="enginesVersion"
      />
    </div>
    <div
      className="comprasion-labels-label-box"
    >
      <Translate
        className="comprasion-labels-label"
        component="span"
        content="height"
      />
    </div>
    <div
      className="comprasion-labels-label-box"
    >
      <Translate
        className="comprasion-labels-label"
        component="span"
        content="diameter"
      />
    </div>
    <div
      className="comprasion-labels-label-box"
    >
      <Translate
        className="comprasion-labels-label"
        component="span"
        content="mass"
      />
    </div>
  </div>
</div>
`;
